3
3
1
2
3
773361868
2
5
5
913575467
1
3
2
3
888987010
5
7
5
792345559
4
3
938207958
2
1
2
8
8
2
1
5
8
5
5
