1942
2161
2093
2111
1401
2265
1933
2803
1501
2281
